******************************************************************************
                  TI ARM Linker PC v20.2.7                     
******************************************************************************
>> Linked Mon Nov 28 11:35:46 2022

OUTPUT FILE NAME:   <FinalCode.out>
ENTRY POINT SYMBOL: "_c_int00"  address: 00004581


MEMORY CONFIGURATION

         name            origin    length      used     unused   attr    fill
----------------------  --------  ---------  --------  --------  ----  --------
  FLASH                 00000000   00040000  000083ac  00037c54  R  X
  SRAM                  20000000   00008000  000018fe  00006702  RW X


SEGMENT ALLOCATION MAP

run origin  load origin   length   init length attrs members
----------  ----------- ---------- ----------- ----- -------
00000000    00000000    000083b8   000083b8    r-x
  00000000    00000000    0000003c   0000003c    r-- .resetVecs
  00000040    00000040    00006212   00006212    r-x .text
  00006254    00006254    00001eee   00001eee    r-- .const
  00008148    00008148    00000270   00000270    r-- .cinit
20000000    20000000    00001900   00000000    rw-
  20000000    20000000    00000360   00000000    rw- .vecs
  20000360    20000360    00000d58   00000000    rw- .bss
  200010b8    200010b8    00000546   00000000    rw- .data
  20001600    20001600    00000300   00000000    rw- .stack


SECTION ALLOCATION MAP

 output                                  attributes/
section   page    origin      length       input sections
--------  ----  ----------  ----------   ----------------
.text      0    00000040    00006212     
                  00000040    00000430     sysbios.aem4f : BIOS.obj (.text:ti_sysbios_family_arm_m3_Hwi_excDumpRegs__I)
                  00000470    0000034c     ti.targets.arm.rtsarm.aem4f : System.oem4f (.text:xdc_runtime_System_doPrint__I)
                  000007bc    0000030c     uartstdio.obj (.text:UARTvprintf)
                  00000ac8    000002d0     sysbios.aem4f : BIOS.obj (.text:ti_sysbios_knl_Semaphore_pend__E)
                  00000d98    0000026c                   : BIOS.obj (.text:ti_sysbios_heaps_HeapMem_free__E)
                  00001004    00000004     driverlib.lib : timer.obj (.text:TimerIntClear)
                  00001008    00000250     sysbios.aem4f : BIOS.obj (.text:ti_sysbios_heaps_HeapMem_alloc__E)
                  00001258    000001f4                   : BIOS.obj (.text:ti_sysbios_family_arm_m3_Hwi_excHandlerMax__I)
                  0000144c    000001d8     empty.obj (.text:PID)
                  00001624    000001b6     rtsv7M4_T_le_v4SPD16_eabi.lib : fd_add_t2.asm.obj (.text)
                  000017da    00000006     driverlib.lib : gpio.obj (.text:GPIOPinRead)
                  000017e0    00000174     sysbios.aem4f : BIOS.obj (.text:ti_sysbios_family_arm_m3_Hwi_excBusFault__I)
                  00001954    00000004     driverlib.lib : uart.obj (.text:UARTIntClear)
                  00001958    00000164     sysbios.aem4f : BIOS.obj (.text:ti_sysbios_family_arm_m3_Hwi_excUsageFault__I)
                  00001abc    00000004     rtsv7M4_T_le_v4SPD16_eabi.lib : exit.c.obj (.text:abort:abort)
                  00001ac0    00000148     sysbios.aem4f : BIOS.obj (.text:ti_sysbios_family_arm_m3_Hwi_excMemFault__I)
                  00001c08    0000013c                   : BIOS.obj (.text:ti_sysbios_heaps_HeapMem_Instance_init__E)
                  00001d44    00000136     rtsv7M4_T_le_v4SPD16_eabi.lib : fd_div_t2.asm.obj (.text)
                  00001e7a    00000006     driverlib.lib : gpio.obj (.text:GPIOPinWrite)
                  00001e80    00000134     sysbios.aem4f : BIOS.obj (.text:ti_sysbios_family_arm_lm4_Timer_start__E)
                  00001fb4    00000130     driverlib.lib : gpio.obj (.text:GPIOPadConfigSet)
                  000020e4    00000124     empty.obj (.text:TransmitData)
                  00002208    00000118     ti.targets.arm.rtsarm.aem4f : Error.oem4f (.text:xdc_runtime_Error_policyDefault__E)
                  00002320    0000010c     driverlib.lib : sysctl.obj (.text:SysCtlClockGet)
                  0000242c    00000100     Boot.aem4f : Boot_sysctl.oem4f (.text:ti_catalog_arm_cortexm4_tiva_ce_Boot_sysCtlClockSetI__I)
                  0000252c    00000100     ti.targets.arm.rtsarm.aem4f : Core-mem.oem4f (.text:xdc_runtime_Core_createObject__I)
                  0000262c    000000fc     rtsv7M4_T_le_v4SPD16_eabi.lib : fd_mul_t2.asm.obj (.text)
                  00002728    000000f8     ti.targets.arm.rtsarm.aem4f : Startup.oem4f (.text:xdc_runtime_Startup_startMods__I)
                  00002820    000000f8     empty_pem4f.oem4f (.text:xdc_runtime_System_printfExtend__I)
                  00002918    000000f4     sysbios.aem4f : m3_Hwi_asm.obj (.text:ti_sysbios_family_arm_m3_Hwi_dispatch__I)
                  00002a0c    000000f0     driverlib.lib : sysctl.obj (.text:SysCtlClockSet)
                  00002afc    000000ec     empty.obj (.text:PWMinit)
                  00002be8    000000ec     sysbios.aem4f : BIOS.obj (.text:ti_sysbios_knl_Semaphore_post__E)
                  00002cd4    000000cc     ti.targets.arm.rtsarm.aem4f : Core-smem.oem4f (.text:xdc_runtime_Core_constructObject__I)
                  00002da0    000000bc     sysbios.aem4f : BIOS.obj (.text:ti_sysbios_family_arm_m3_Hwi_excDebugMon__I)
                  00002e5c    00000004     empty_pem4f.oem4f (.text:ti_sysbios_BIOS_RtsGateProxy_enter__E)
                  00002e60    000000bc     sysbios.aem4f : BIOS.obj (.text:ti_sysbios_family_arm_m3_Hwi_excHardFault__I)
                  00002f1c    000000b4     empty.obj (.text:DataTimerHandler)
                  00002fd0    000000b4     sysbios.aem4f : BIOS.obj (.text:ti_sysbios_gates_GateMutex_enter__E)
                  00003084    00000004     empty_pem4f.oem4f (.text:ti_sysbios_BIOS_RtsGateProxy_leave__E)
                  00003088    000000b4     sysbios.aem4f : BIOS.obj (.text:ti_sysbios_knl_Task_checkStacks__E)
                  0000313c    000000ac     empty.obj (.text:BlackLineDetection)
                  000031e8    000000ac     empty.obj (.text:UART1IntHandler)
                  00003294    00000004     sysbios.aem4f : BIOS.obj (.text:ti_sysbios_family_arm_lm4_Timer_masterEnable__I)
                  00003298    000000ac                   : BIOS.obj (.text:ti_sysbios_family_arm_lm4_Timer_enableTiva__I)
                  00003344    00000004     empty_pem4f.oem4f (.text:ti_sysbios_family_arm_m3_TaskSupport_Module__startupDone__S)
                  00003348    000000a8     sysbios.aem4f : BIOS.obj (.text:ti_sysbios_family_arm_lm4_Timer_enableTimers__I)
                  000033f0    000000a8                   : BIOS.obj (.text:ti_sysbios_knl_Task_postInit__I)
                  00003498    000000a0     empty.obj (.text:UART1_init)
                  00003538    000000a0     auto_init.aem4f : auto_init.oem4f (.text)
                  000035d8    000000a0     ti.targets.arm.rtsarm.aem4f : Text.oem4f (.text:xdc_runtime_Text_putMod__E)
                  00003678    0000009c     rtsv7M4_T_le_v4SPD16_eabi.lib : memcpy_t2.asm.obj (.text)
                  00003714    00000004     empty_pem4f.oem4f (.text:ti_sysbios_heaps_HeapMem_Module_GateProxy_enter__E)
                  00003718    0000009c     sysbios.aem4f : BIOS.obj (.text:ti_sysbios_knl_Semaphore_Instance_init__E)
                  000037b4    0000009a     ti.targets.arm.rtsarm.aem4f : Text.oem4f (.text:xdc_runtime_Text_putSite__E)
                  0000384e    00000002     rtsv7M4_T_le_v4SPD16_eabi.lib : _lock.c.obj (.text:_nop)
                  00003850    00000098     Boot.aem4f : Boot.oem4f (.text:ti_catalog_arm_cortexm4_tiva_ce_Boot_sysCtlClockSet__E)
                  000038e8    00000094     sysbios.aem4f : BIOS.obj (.text:ti_sysbios_family_arm_m3_Hwi_initNVIC__E)
                  0000397c    0000008c                   : m3_TaskSupport_asm.obj (.text:ti_sysbios_family_arm_m3_TaskSupport_buildTaskStack)
                  00003a08    00000084                   : BIOS.obj (.text:ti_sysbios_family_arm_m3_Hwi_postInit__I)
                  00003a8c    0000007a     driverlib.lib : adc.obj (.text:ADCSequenceStepConfigure)
                  00003b06    0000007a     rtsv7M4_T_le_v4SPD16_eabi.lib : memset_t2.asm.obj (.text)
                  00003b80    00000074     empty.obj (.text:ADCinit)
                  00003bf4    00000004     empty_pem4f.oem4f (.text:ti_sysbios_heaps_HeapMem_Module_GateProxy_leave__E)
                  00003bf8    00000070     sysbios.aem4f : BIOS.obj (.text:ti_sysbios_knl_Clock_workFunc__E)
                  00003c68    00000070                   : BIOS.obj (.text:ti_sysbios_knl_Task_exit__E)
                  00003cd8    0000006e     rtsv7M4_T_le_v4SPD16_eabi.lib : fd_tos_t2.asm.obj (.text)
                  00003d46    00000002                                   : div0.asm.obj (.text)
                  00003d48    0000006d     ti.targets.arm.rtsarm.aem4f : System.oem4f (.text:xdc_runtime_System_formatNum__I)
                  00003db5    00000001     --HOLE-- [fill = 0]
                  00003db6    00000002     empty_pem4f.oem4f (.text:ti_sysbios_BIOS_nullFunc__I)
                  00003db8    0000006c     sysbios.aem4f : BIOS.obj (.text:ti_sysbios_knl_Swi_restoreHwi__E)
                  00003e24    0000006c     ti.targets.arm.rtsarm.aem4f : Error.oem4f (.text:xdc_runtime_Error_print__E)
                  00003e90    0000006c                                 : Memory.oem4f (.text:xdc_runtime_Memory_alloc__E)
                  00003efc    00000068     driverlib.lib : interrupt.obj (.text:IntEnable)
                  00003f64    00000068     rtsv7M4_T_le_v4SPD16_eabi.lib : copy_decompress_lzss.c.obj (.text:decompress:lzss:__TI_decompress_lzss)
                  00003fcc    00000066     ti.targets.arm.rtsarm.aem4f : Core-mem.oem4f (.text:xdc_runtime_Core_deleteObject__I)
                  00004032    00000002     empty_pem4f.oem4f (.text:xdc_runtime_Startup_reset__I)
                  00004034    00000064     empty.obj (.text:LightSensorTimerInit)
                  00004098    00000064     sysbios.aem4f : BIOS.obj (.text:ti_sysbios_family_arm_lm4_Timer_Module_startup__E)
                  000040fc    00000004     empty_pem4f.oem4f (.text:ti_sysbios_knl_Clock_TimerProxy_getMaxTicks__E)
                  00004100    00000064     sysbios.aem4f : BIOS.obj (.text:ti_sysbios_family_arm_m3_Hwi_dispatchC__I)
                  00004164    00000060     empty.obj (.text:EmergencyStop)
                  000041c4    00000060     driverlib.lib : timer.obj (.text:TimerConfigure)
                  00004224    00000060     empty.obj (.text:TurnLeft)
                  00004284    00000060     empty.obj (.text:TurnRight)
                  000042e4    00000004     empty_pem4f.oem4f (.text:ti_sysbios_knl_Queue_destruct)
                  000042e8    00000060     sysbios.aem4f : BIOS.obj (.text:ti_sysbios_family_arm_lm4_Timer_isrStub__E)
                  00004348    00000060                   : BIOS.obj (.text:ti_sysbios_knl_Task_schedule__I)
                  000043a8    0000005c                   : BIOS.obj (.text:ti_sysbios_knl_Swi_run__I)
                  00004404    00000004     empty_pem4f.oem4f (.text:ti_sysbios_knl_Semaphore_destruct)
                  00004408    0000005c     sysbios.aem4f : BIOS.obj (.text:ti_sysbios_knl_Swi_schedule__I)
                  00004464    00000004     ti.targets.arm.rtsarm.aem4f : Error.oem4f (.text:xdc_runtime_Error_getSite__E)
                  00004468    0000005c     sysbios.aem4f : BIOS.obj (.text:ti_sysbios_knl_Task_Module_startup__E)
                  000044c4    00000004     empty_pem4f.oem4f (.text:xdc_runtime_System_Module_GateProxy_enter__E)
                  000044c8    0000005c     sysbios.aem4f : BIOS.obj (.text:ti_sysbios_knl_Task_startCore__E)
                  00004524    0000005b     ti.targets.arm.rtsarm.aem4f : Text.oem4f (.text:xdc_runtime_Text_putLab__E)
                  0000457f    00000001     --HOLE-- [fill = 0]
                  00004580    00000058     boot.aem4f : boot.oem4f (.text)
                  000045d8    00000058     rtsv7M4_T_le_v4SPD16_eabi.lib : hostwrite.c.obj (.text:HOSTwrite)
                  00004630    00000058     empty.obj (.text:MazeTimer)
                  00004688    00000058     sysbios.aem4f : m3_Hwi_asm_switch.obj (.text:ti_sysbios_family_arm_m3_Hwi_initStacks__E)
                  000046e0    00000054     empty.obj (.text:DataTimer)
                  00004734    00000054     uartstdio.obj (.text:UARTStdioConfig)
                  00004788    00000054     ti.targets.arm.rtsarm.aem4f : Assert.oem4f (.text:xdc_runtime_Assert_raise__I)
                  000047dc    00000050     empty.obj (.text:ADCTimer_Init)
                  0000482c    00000004     empty_pem4f.oem4f (.text:xdc_runtime_System_Module_GateProxy_leave__E)
                  00004830    00000050     sysbios.aem4f : BIOS.obj (.text:ti_sysbios_family_arm_m3_Hwi_Module_startup__E)
                  00004880    00000050     ti.targets.arm.rtsarm.aem4f : Startup.oem4f (.text:xdc_runtime_Startup_exec__E)
                  000048d0    00000050                                 : Text.oem4f (.text:xdc_runtime_Text_visitRope2__I)
                  00004920    0000004c     uartstdio.obj (.text:UARTwrite)
                  0000496c    0000004c     rtsv7M4_T_le_v4SPD16_eabi.lib : cpy_tbl.c.obj (.text:copy_in)
                  000049b8    0000004c     sysbios.aem4f : BIOS.obj (.text:ti_sysbios_heaps_HeapMem_getStats__E)
                  00004a04    00000004     ti.targets.arm.rtsarm.aem4f : System.oem4f (.text:xdc_runtime_System_aprintf_va__F)
                  00004a08    0000004c     sysbios.aem4f : BIOS.obj (.text:ti_sysbios_knl_Swi_runLoop__I)
                  00004a54    00000004     ti.targets.arm.rtsarm.aem4f : System.oem4f (.text:xdc_runtime_System_printf_va__F)
                  00004a58    0000004c     sysbios.aem4f : BIOS.obj (.text:ti_sysbios_knl_Task_allBlockedFunction__I)
                  00004aa4    00000048     driverlib.lib : gpio.obj (.text:GPIOPinConfigure)
                  00004aec    00000048     rtsv7M4_T_le_v4SPD16_eabi.lib : fd_toi_t2.asm.obj (.text)
                  00004b34    00000004     --HOLE-- [fill = 0]
                  00004b38    00000048     sysbios.aem4f : BIOS.obj (.text:ti_sysbios_family_arm_m3_Hwi_disableInterrupt__E)
                  00004b80    00000048                   : BIOS.obj (.text:ti_sysbios_family_arm_m3_Hwi_enableInterrupt__E)
                  00004bc8    00000048                   : BIOS.obj (.text:ti_sysbios_family_arm_m3_Hwi_excReserved__I)
                  00004c10    00000046     ti.targets.arm.rtsarm.aem4f : Core-params.oem4f (.text:xdc_runtime_Core_assignParams__I)
                  00004c56    00000002     --HOLE-- [fill = 0]
                  00004c58    00000044     sysbios.aem4f : BIOS.obj (.text:ti_sysbios_family_arm_m3_Hwi_getStackInfo__E)
                  00004c9c    00000004     --HOLE-- [fill = 0]
                  00004ca0    00000044                   : BIOS.obj (.text:ti_sysbios_knl_Swi_post__E)
                  00004ce4    00000044     ti.targets.arm.rtsarm.aem4f : Error.oem4f (.text:xdc_runtime_Error_setX__E)
                  00004d28    00000044                                 : SysMin.oem4f (.text:xdc_runtime_SysMin_flush__E)
                  00004d6c    00000044                                 : Text.oem4f (.text:xdc_runtime_Text_xprintf__I)
                  00004db0    00000042     driverlib.lib : uart.obj (.text:UARTConfigSetExpClk)
                  00004df2    00000040     rtsv7M4_T_le_v4SPD16_eabi.lib : u_divt2.asm.obj (.text)
                  00004e32    00000006     driverlib.lib : sysctl.obj (.text:SysCtlDelay)
                  00004e38    00000040     sysbios.aem4f : BIOS.obj (.text:ti_sysbios_family_arm_lm4_Timer_startup__E)
                  00004e78    0000003e     driverlib.lib : adc.obj (.text:ADCSequenceConfigure)
                  00004eb6    00000002     --HOLE-- [fill = 0]
                  00004eb8    0000003c     empty.obj (.text:LightSensorInit)
                  00004ef4    0000003c     empty.obj (.text:milliseconds)
                  00004f30    0000003c     sysbios.aem4f : BIOS.obj (.text:ti_sysbios_family_arm_m3_Hwi_excSvCall__I)
                  00004f6c    00000004     --HOLE-- [fill = 0]
                  00004f70    0000003c                   : BIOS.obj (.text:ti_sysbios_heaps_HeapMem_init__I)
                  00004fac    00000004     --HOLE-- [fill = 0]
                  00004fb0    0000003c                   : BIOS.obj (.text:ti_sysbios_knl_Swi_restore__E)
                  00004fec    00000038     driverlib.lib : sysctl.obj (.text:SysCtlPeripheralPresent)
                  00005024    00000038                   : sysctl.obj (.text:SysCtlPeripheralReady)
                  0000505c    00000038     rtsv7M4_T_le_v4SPD16_eabi.lib : trgmsg.c.obj (.text:__TI_writemsg)
                  00005094    00000038                                   : fs_tod_t2.asm.obj (.text)
                  000050cc    00000004     --HOLE-- [fill = 0]
                  000050d0    00000038     sysbios.aem4f : BIOS.obj (.text:ti_sysbios_family_arm_m3_Hwi_excNoIsr__I)
                  00005108    00000038                   : BIOS.obj (.text:ti_sysbios_knl_Task_processVitalTaskFlag__I)
                  00005140    00000038     empty.obj (.text:uturnCCL)
                  00005178    00000038     ti.targets.arm.rtsarm.aem4f : SysMin.oem4f (.text:xdc_runtime_SysMin_putch__E)
                  000051b0    00000038                                 : System.oem4f (.text:xdc_runtime_System_atexit__E)
                  000051e8    00000034     driverlib.lib : sysctl.obj (.text:SysCtlPeripheralEnable)
                  0000521c    00000034     rtsv7M4_T_le_v4SPD16_eabi.lib : trgmsg.c.obj (.text:__TI_readmsg)
                  00005250    00000034     sysbios.aem4f : BIOS.obj (.text:ti_sysbios_family_arm_m3_Hwi_excNmi__I)
                  00005284    00000004     --HOLE-- [fill = 0]
                  00005288    00000034                   : BIOS.obj (.text:ti_sysbios_hal_Hwi_checkStack)
                  000052bc    00000034     ti.targets.arm.rtsarm.aem4f : Core-label.oem4f (.text:xdc_runtime_Core_assignLabel__I)
                  000052f0    00000033                                 : Text.oem4f (.text:xdc_runtime_Text_printVisFxn__I)
                  00005323    00000005     --HOLE-- [fill = 0]
                  00005328    00000032     sysbios.aem4f : BIOS.obj (.text:ti_sysbios_hal_Hwi_initStack)
                  0000535a    00000002     --HOLE-- [fill = 0]
                  0000535c    00000030     empty_pem4f.oem4f (.text:ti_sysbios_BIOS_atExitFunc__I)
                  0000538c    00000004     --HOLE-- [fill = 0]
                  00005390    00000030     sysbios.aem4f : BIOS.obj (.text:ti_sysbios_family_arm_lm4_Timer_stop__E)
                  000053c0    00000030                   : BIOS.obj (.text:ti_sysbios_family_arm_m3_TaskSupport_start__E)
                  000053f0    00000030     empty_pem4f.oem4f (.text:ti_sysbios_gates_GateHwi_Object__create__S)
                  00005420    00000030     empty_pem4f.oem4f (.text:ti_sysbios_gates_GateMutex_Object__create__S)
                  00005450    00000030     empty_pem4f.oem4f (.text:ti_sysbios_heaps_HeapMem_Object__create__S)
                  00005480    00000030     empty_pem4f.oem4f (.text:ti_sysbios_knl_Semaphore_construct)
                  000054b0    00000030     sysbios.aem4f : BIOS.obj (.text:ti_sysbios_knl_Semaphore_pendTimeout__I)
                  000054e0    00000030                   : BIOS.obj (.text:ti_sysbios_knl_Task_unblockI__E)
                  00005510    00000030     ti.targets.arm.rtsarm.aem4f : SysMin.oem4f (.text:xdc_runtime_SysMin_abort__E)
                  00005540    00000030                                 : System.oem4f (.text:xdc_runtime_System_processAtExit__E)
                  00005570    0000002e     empty.obj (.text:main)
                  0000559e    0000002c     rtsv7M4_T_le_v4SPD16_eabi.lib : strncmp.c.obj (.text:strncmp)
                  000055ca    00000002     --HOLE-- [fill = 0]
                  000055cc    0000002c     empty_pem4f.oem4f (.text:ti_sysbios_knl_Clock_doTick__I)
                  000055f8    0000002c     empty_pem4f.oem4f (.text:ti_sysbios_knl_Queue_construct)
                  00005624    00000004     --HOLE-- [fill = 0]
                  00005628    0000002c     sysbios.aem4f : BIOS.obj (.text:ti_sysbios_knl_Task_restore__E)
                  00005654    0000002c     ti.targets.arm.rtsarm.aem4f : Text.oem4f (.text:xdc_runtime_Text_cordText__E)
                  00005680    0000002a     driverlib.lib : gpio.obj (.text:GPIODirModeSet)
                  000056aa    0000002a     ti.targets.arm.rtsarm.aem4f : System.oem4f (.text:xdc_runtime_System_putchar__I)
                  000056d4    00000028     empty.obj (.text:ReadLightSensor)
                  000056fc    00000004     --HOLE-- [fill = 0]
                  00005700    00000028     sysbios.aem4f : BIOS.obj (.text:ti_sysbios_knl_Swi_Module_startup__E)
                  00005728    00000026                   : m3_Hwi_asm.obj (.text:ti_sysbios_family_arm_m3_Hwi_pendSV__I)
                  0000574e    00000026     ti.targets.arm.rtsarm.aem4f : System.oem4f (.text:xdc_runtime_System_avprintf__E)
                  00005774    00000024     uartstdio.obj (.text:UARTprintf)
                  00005798    00000024     empty_pem4f.oem4f (.text:ti_sysbios_BIOS_errorRaiseHook__I)
                  000057bc    00000024     empty_pem4f.oem4f (.text:ti_sysbios_BIOS_registerRTSLock__I)
                  000057e0    00000024     empty_pem4f.oem4f (.text:ti_sysbios_BIOS_removeRTSLock__I)
                  00005804    00000024     empty_pem4f.oem4f (.text:ti_sysbios_BIOS_startFunc__I)
                  00005828    00000024     empty_pem4f.oem4f (.text:ti_sysbios_gates_GateMutex_Object__delete__S)
                  0000584c    00000004     --HOLE-- [fill = 0]
                  00005850    00000024     sysbios.aem4f : BIOS.obj (.text:ti_sysbios_knl_Clock_Module_startup__E)
                  00005874    00000004     --HOLE-- [fill = 0]
                  00005878    00000024                   : BIOS.obj (.text:ti_sysbios_knl_Task_restoreHwi__E)
                  0000589c    00000024     ti.targets.arm.rtsarm.aem4f : System.oem4f (.text:xdc_runtime_System_vprintf__E)
                  000058c0    00000022     driverlib.lib : pwm.obj (.text:PWMGenConfigure)
                  000058e2    00000006                   : timer.obj (.text:TimerClockSourceSet)
                  000058e8    00000022     sysbios.aem4f : BIOS.obj (.text:ti_sysbios_family_arm_lm4_Timer_write__I)
                  0000590a    00000022     empty_pem4f.oem4f (.text:xdc_runtime_SysMin_output__I)
                  0000592c    00000020     empty_pem4f.oem4f (.text:ti_sysbios_BIOS_rtsLock__I)
                  0000594c    00000020     sysbios.aem4f : m3_Hwi_asm.obj (.text:ti_sysbios_family_arm_m3_Hwi_excHandlerAsm__I)
                  0000596c    00000004     --HOLE-- [fill = 0]
                  00005970    00000020                   : BIOS.obj (.text:ti_sysbios_family_arm_m3_Hwi_excHandler__I)
                  00005990    00000020     empty_pem4f.oem4f (.text:ti_sysbios_gates_GateHwi_Object__delete__S)
                  000059b0    00000020     empty_pem4f.oem4f (.text:ti_sysbios_heaps_HeapMem_Object__delete__S)
                  000059d0    00000020     sysbios.aem4f : BIOS.obj (.text:ti_sysbios_knl_Idle_run__E)
                  000059f0    00000020     empty_pem4f.oem4f (.text:ti_sysbios_knl_Semaphore_Object__destruct__S)
                  00005a10    00000020     ti.targets.arm.rtsarm.aem4f : Registry.oem4f (.text:xdc_runtime_Registry_findById__E)
                  00005a30    00000020                                 : SysMin.oem4f (.text:xdc_runtime_SysMin_Module_startup__E)
                  00005a50    0000001e     driverlib.lib : adc.obj (.text:ADCSequenceDataGet)
                  00005a6e    0000001e                   : pwm.obj (.text:PWMPulseWidthSet)
                  00005a8c    0000001e     sysbios.aem4f : m3_Hwi_asm_switch.obj (.text:ti_sysbios_family_xxx_Hwi_switchAndRunFunc)
                  00005aaa    00000002     --HOLE-- [fill = 0]
                  00005aac    0000001c     empty.obj (.text:ADCTimer_Handler)
                  00005ac8    0000001c     empty.obj (.text:Brake)
                  00005ae4    0000001c     empty.obj (.text:LEDConfig)
                  00005b00    0000001c     empty.obj (.text:Run)
                  00005b1c    0000001c     empty.obj (.text:Start_Motor)
                  00005b38    0000001c     driverlib.lib : uart.obj (.text:UARTDisable)
                  00005b54    0000001c     empty.obj (.text:forward)
                  00005b70    0000001c     sysbios.aem4f : BIOS.obj (.text:ti_sysbios_gates_GateMutex_Instance_init__E)
                  00005b8c    0000001c     empty_pem4f.oem4f (.text:ti_sysbios_knl_Queue_Object__destruct__S)
                  00005ba8    0000001c     sysbios.aem4f : BIOS.obj (.text:ti_sysbios_knl_Task_enter__I)
                  00005bc4    0000001c     ti.targets.arm.rtsarm.aem4f : Error.oem4f (.text:xdc_runtime_Error_raiseX__E)
                  00005be0    0000001c                                 : Memory.oem4f (.text:xdc_runtime_Memory_valloc__E)
                  00005bfc    0000001c                                 : SysMin.oem4f (.text:xdc_runtime_SysMin_exit__E)
                  00005c18    0000001c                                 : System.oem4f (.text:xdc_runtime_System_abort__E)
                  00005c34    0000001a     empty_pem4f.oem4f (.text:ti_sysbios_family_arm_m3_Hwi_Handle__label__S)
                  00005c4e    0000001a     empty_pem4f.oem4f (.text:ti_sysbios_gates_GateHwi_Handle__label__S)
                  00005c68    0000001a     empty_pem4f.oem4f (.text:ti_sysbios_gates_GateMutex_Handle__label__S)
                  00005c82    0000001a     empty_pem4f.oem4f (.text:ti_sysbios_heaps_HeapMem_Handle__label__S)
                  00005c9c    0000001a     empty_pem4f.oem4f (.text:ti_sysbios_knl_Swi_Handle__label__S)
                  00005cb6    0000001a     empty_pem4f.oem4f (.text:ti_sysbios_knl_Task_Handle__label__S)
                  00005cd0    0000001a     empty_pem4f.oem4f (.text:xdc_runtime_System_aprintf__E)
                  00005cea    0000001a     empty_pem4f.oem4f (.text:xdc_runtime_System_printf__E)
                  00005d04    00000018     driverlib.lib : adc.obj (.text:ADCClockConfigSet)
                  00005d1c    00000018                   : adc.obj (.text:ADCProcessorTrigger)
                  00005d34    00000018                   : gpio.obj (.text:GPIOPinTypeGPIOOutput)
                  00005d4c    00000018     empty.obj (.text:LightSensorTimerHandler)
                  00005d64    00000018     rtsv7M4_T_le_v4SPD16_eabi.lib : args_main.c.obj (.text:_args_main)
                  00005d7c    00000018     empty_pem4f.oem4f (.text:ti_sysbios_BIOS_rtsUnlock__I)
                  00005d94    00000018     empty_pem4f.oem4f (.text:ti_sysbios_family_arm_lm4_Timer_Module__startupDone__F)
                  00005dac    00000018     empty_pem4f.oem4f (.text:ti_sysbios_family_arm_m3_Hwi_Module__startupDone__F)
                  00005dc4    00000018     sysbios.aem4f : m3_TaskSupport_asm.obj (.text:ti_sysbios_family_arm_m3_TaskSupport_swap__E)
                  00005ddc    00000004     --HOLE-- [fill = 0]
                  00005de0    00000018                   : BIOS.obj (.text:ti_sysbios_gates_GateMutex_leave__E)
                  00005df8    00000018     ti.targets.arm.rtsarm.aem4f : Error.oem4f (.text:xdc_runtime_Error_check__E)
                  00005e10    00000018                                 : System.oem4f (.text:xdc_runtime_System_exit__E)
                  00005e28    00000018                                 : Text.oem4f (.text:xdc_runtime_Text_ropeText__E)
                  00005e40    00000016     empty_pem4f.oem4f (.text:ti_sysbios_BIOS_exitFunc__I)
                  00005e56    00000002     --HOLE-- [fill = 0]
                  00005e58    00000014     driverlib.lib : sysctl.obj (.text:SysCtlPWMClockSet)
                  00005e6c    00000014                   : timer.obj (.text:TimerDisable)
                  00005e80    00000014                   : uart.obj (.text:UARTEnable)
                  00005e94    00000014     rtsv7M4_T_le_v4SPD16_eabi.lib : strlen.c.obj (.text:strlen)
                  00005ea8    00000014     empty_pem4f.oem4f (.text:ti_sysbios_family_arm_m3_Hwi_Object__get__S)
                  00005ebc    00000004     --HOLE-- [fill = 0]
                  00005ec0    00000014     sysbios.aem4f : BIOS.obj (.text:ti_sysbios_family_arm_m3_Hwi_switchFromBootStack__E)
                  00005ed4    00000014     empty_pem4f.oem4f (.text:ti_sysbios_heaps_HeapMem_Object__get__S)
                  00005ee8    00000014     empty_pem4f.oem4f (.text:ti_sysbios_knl_Swi_Object__get__S)
                  00005efc    00000012     driverlib.lib : gpio.obj (.text:GPIOPinTypeADC)
                  00005f0e    00000012                   : gpio.obj (.text:GPIOPinTypeGPIOInput)
                  00005f20    00000012                   : gpio.obj (.text:GPIOPinTypePWM)
                  00005f32    00000012                   : gpio.obj (.text:GPIOPinTypeUART)
                  00005f44    00000012                   : pwm.obj (.text:PWMOutputState)
                  00005f56    00000012                   : timer.obj (.text:TimerLoadSet)
                  00005f68    00000012     sysbios.aem4f : BIOS.obj (.text:ti_sysbios_hal_Hwi_Module_startup__E)
                  00005f7a    00000012     empty_pem4f.oem4f (.text:xdc_runtime_Startup_exec__I)
                  00005f8c    00000010     driverlib.lib : interrupt.obj (.text:IntMasterEnable)
                  00005f9c    00000010                   : pwm.obj (.text:PWMGenPeriodSet)
                  00005fac    00000004     --HOLE-- [fill = 0]
                  00005fb0    00000010     sysbios.aem4f : BIOS.obj (.text:ti_sysbios_BIOS_setThreadType__E)
                  00005fc0    00000010                   : BIOS.obj (.text:ti_sysbios_BIOS_start__E)
                  00005fd0    00000010                   : m3_TaskSupport_asm.obj (.text:ti_sysbios_family_arm_m3_TaskSupport_glue)
                  00005fe0    00000010                   : BIOS.obj (.text:ti_sysbios_gates_GateMutex_Instance_finalize__E)
                  00005ff0    00000010                   : BIOS.obj (.text:ti_sysbios_knl_Semaphore_Instance_finalize__E)
                  00006000    00000010                   : BIOS.obj (.text:ti_sysbios_knl_Swi_disable__E)
                  00006010    00000010     empty_pem4f.oem4f (.text:ti_sysbios_knl_Task_Object__get__S)
                  00006020    00000010     sysbios.aem4f : BIOS.obj (.text:ti_sysbios_knl_Task_disable__E)
                  00006030    00000010     ti.targets.arm.rtsarm.aem4f : Gate.oem4f (.text:xdc_runtime_Gate_leaveSystem__E)
                  00006040    00000010                                 : Memory.oem4f (.text:xdc_runtime_Memory_free__E)
                  00006050    00000010                                 : SysMin.oem4f (.text:xdc_runtime_SysMin_ready__E)
                  00006060    00000010                                 : System.oem4f (.text:xdc_runtime_System_vsnprintf__E)
                  00006070    00000010     empty_pem4f.oem4f (.text:xdc_runtime_Text_visitRope__I)
                  00006080    0000000e     driverlib.lib : adc.obj (.text:ADCSequenceEnable)
                  0000608e    0000000e                   : timer.obj (.text:TimerEnable)
                  0000609c    0000000e     rtsv7M4_T_le_v4SPD16_eabi.lib : copy_decompress_none.c.obj (.text:decompress:none:__TI_decompress_none)
                  000060aa    00000006     driverlib.lib : uart.obj (.text:UARTFIFOLevelSet)
                  000060b0    0000000e     sysbios.aem4f : BIOS.obj (.text:ti_sysbios_knl_Idle_loop__E)
                  000060be    00000002     --HOLE-- [fill = 0]
                  000060c0    0000000e                   : BIOS.obj (.text:ti_sysbios_knl_Queue_empty__E)
                  000060ce    00000002     --HOLE-- [fill = 0]
                  000060d0    0000000c     empty_pem4f.oem4f (.text:.bootCodeSection:ti_catalog_arm_cortexm4_tiva_ce_Boot_init__I)
                  000060dc    0000000c     driverlib.lib : cpu.obj (.text:CPUcpsie)
                  000060e8    0000000c                   : pwm.obj (.text:PWMGenEnable)
                  000060f4    0000000c                   : uart.obj (.text:UARTCharsAvail)
                  00006100    0000000c     rtsv7M4_T_le_v4SPD16_eabi.lib : _lock.c.obj (.text:_register_lock)
                  0000610c    0000000c                                   : _lock.c.obj (.text:_register_unlock)
                  00006118    0000000c                                   : copy_zero_init.c.obj (.text:decompress:ZI:__TI_zero_init)
                  00006124    00000004     --HOLE-- [fill = 0]
                  00006128    0000000c     sysbios.aem4f : BIOS.obj (.text:ti_sysbios_family_arm_lm4_Timer_getMaxTicks__E)
                  00006134    00000004     --HOLE-- [fill = 0]
                  00006138    0000000c                   : BIOS.obj (.text:ti_sysbios_family_arm_m3_TaskSupport_checkStack__E)
                  00006144    00000004     --HOLE-- [fill = 0]
                  00006148    0000000c                   : BIOS.obj (.text:ti_sysbios_gates_GateHwi_enter__E)
                  00006154    0000000c     empty_pem4f.oem4f (.text:ti_sysbios_knl_Queue_Object__get__S)
                  00006160    0000000c     ti.targets.arm.rtsarm.aem4f : Error.oem4f (.text:xdc_runtime_Error_init__E)
                  0000616c    0000000c                                 : Gate.oem4f (.text:xdc_runtime_Gate_enterSystem__E)
                  00006178    0000000c                                 : Memory.oem4f (.text:xdc_runtime_Memory_calloc__E)
                  00006184    0000000c                                 : Memory.oem4f (.text:xdc_runtime_Memory_getMaxDefaultTypeAlign__E)
                  00006190    0000000a     driverlib.lib : uart.obj (.text:UARTCharGet)
                  0000619a    0000000a                   : uart.obj (.text:UARTCharPut)
                  000061a4    0000000a                   : uart.obj (.text:UARTFIFOEnable)
                  000061ae    0000000a                   : uart.obj (.text:UARTIntStatus)
                  000061b8    0000000a     empty_pem4f.oem4f (.text:xdc_runtime_IHeap_alloc)
                  000061c2    0000000a     empty_pem4f.oem4f (.text:xdc_runtime_IHeap_free)
                  000061cc    00000008     driverlib.lib : timer.obj (.text:TimerIntEnable)
                  000061d4    00000008                   : uart.obj (.text:UARTIntEnable)
                  000061dc    00000008     sysbios.aem4f : BIOS.obj (.text:ti_sysbios_family_arm_lm4_Timer_masterDisable__I)
                  000061e4    00000004     --HOLE-- [fill = 0]
                  000061e8    00000008                   : BIOS.obj (.text:ti_sysbios_family_arm_m3_Hwi_doSwiRestore__I)
                  000061f0    00000008                   : BIOS.obj (.text:ti_sysbios_family_arm_m3_Hwi_startup__E)
                  000061f8    00000006     Boot.aem4f : Boot_sysctl.oem4f (.text:ti_catalog_arm_cortexm4_tiva_ce_Boot_sysCtlDelayI__I)
                  000061fe    00000002     --HOLE-- [fill = 0]
                  00006200    00000006     sysbios.aem4f : BIOS.obj (.text:ti_sysbios_family_arm_m3_Hwi_doTaskRestore__I)
                  00006206    00000002     --HOLE-- [fill = 0]
                  00006208    00000006                   : BIOS.obj (.text:ti_sysbios_gates_GateHwi_leave__E)
                  0000620e    00000002     --HOLE-- [fill = 0]
                  00006210    00000006                   : BIOS.obj (.text:ti_sysbios_heaps_HeapMem_isBlocking__E)
                  00006216    00000002     --HOLE-- [fill = 0]
                  00006218    00000006                   : BIOS.obj (.text:ti_sysbios_knl_Queue_Instance_init__E)
                  0000621e    00000002     --HOLE-- [fill = 0]
                  00006220    00000006                   : BIOS.obj (.text:ti_sysbios_knl_Swi_startup__E)
                  00006226    00000006     ti.targets.arm.rtsarm.aem4f : System.oem4f (.text:xdc_runtime_System_Module_startup__E)
                  0000622c    00000004     --HOLE-- [fill = 0]
                  00006230    00000004     sysbios.aem4f : BIOS.obj (.text:ti_sysbios_gates_GateHwi_query__E)
                  00006234    00000004     --HOLE-- [fill = 0]
                  00006238    00000004                   : BIOS.obj (.text:ti_sysbios_gates_GateMutex_query__E)
                  0000623c    00000004     --HOLE-- [fill = 0]
                  00006240    00000004                   : BIOS.obj (.text:ti_sysbios_knl_Task_startup__E)
                  00006244    00000004     --HOLE-- [fill = 0]
                  00006248    00000002                   : BIOS.obj (.text:ti_sysbios_gates_GateHwi_Instance_init__E)
                  0000624a    00000006     --HOLE-- [fill = 0]
                  00006250    00000002                   : BIOS.obj (.text:ti_sysbios_knl_Clock_logTick__E)

.const     0    00006254    00001eee     
                  00006254    0000189b     empty_pem4f.oem4f (.const:xdc_runtime_Text_charTab__A)
                  00007aef    00000001     empty_pem4f.oem4f (.const:xdc_runtime_Error_policy__C)
                  00007af0    000000bc     empty_pem4f.oem4f (.const:xdc_runtime_Text_nodeTab__A)
                  00007bac    00000090     driverlib.lib : gpio.obj (.const:g_pui32GPIOBaseAddrs)
                  00007c3c    00000070                   : interrupt.obj (.const)
                  00007cac    0000006c                   : sysctl.obj (.const:g_pui32Xtals)
                  00007d18    00000048     empty_pem4f.oem4f (.const:.string)
                  00007d60    00000028     empty_pem4f.oem4f (.const:ti_sysbios_heaps_HeapMem_Module__FXNS__C)
                  00007d88    00000024     empty_pem4f.oem4f (.const:ti_sysbios_gates_GateHwi_Module__FXNS__C)
                  00007dac    00000024     empty_pem4f.oem4f (.const:ti_sysbios_gates_GateMutex_Module__FXNS__C)
                  00007dd0    00000024     empty_pem4f.oem4f (.const:ti_sysbios_heaps_HeapMem_Object__PARAMS__C)
                  00007df4    00000024     empty_pem4f.oem4f (.const:ti_sysbios_knl_Semaphore_Object__PARAMS__C)
                  00007e18    00000020     empty_pem4f.oem4f (.const)
                  00007e38    00000020     empty_pem4f.oem4f (.const:ti_sysbios_gates_GateHwi_Object__DESC__C)
                  00007e58    00000020     empty_pem4f.oem4f (.const:ti_sysbios_gates_GateMutex_Object__DESC__C)
                  00007e78    00000020     empty_pem4f.oem4f (.const:ti_sysbios_heaps_HeapMem_Object__DESC__C)
                  00007e98    00000020     empty_pem4f.oem4f (.const:ti_sysbios_knl_Queue_Object__DESC__C)
                  00007eb8    00000020     empty_pem4f.oem4f (.const:ti_sysbios_knl_Semaphore_Object__DESC__C)
                  00007ed8    00000020     empty_pem4f.oem4f (.const:xdc_runtime_Startup_sfxnTab__A)
                  00007ef8    00000018     empty_pem4f.oem4f (.const:ti_sysbios_gates_GateHwi_Object__PARAMS__C)
                  00007f10    00000018     empty_pem4f.oem4f (.const:ti_sysbios_gates_GateMutex_Object__PARAMS__C)
                  00007f28    00000018     empty_pem4f.oem4f (.const:ti_sysbios_knl_Queue_Object__PARAMS__C)
                  00007f40    00000014     empty_pem4f.oem4f (.const:xdc_runtime_Startup_firstFxns__A)
                  00007f54    00000012     uartstdio.obj (.const:.string)
                  00007f66    00000010     empty_pem4f.oem4f (.const:xdc_runtime_Startup_sfxnRts__A)
                  00007f76    00000002     empty_pem4f.oem4f (.const:ti_catalog_arm_cortexm4_tiva_ce_Boot_Module__id__C)
                  00007f78    0000000c     uartstdio.obj (.const:g_ui32UARTBase)
                  00007f84    0000000c     uartstdio.obj (.const:g_ui32UARTPeriph)
                  00007f90    00000008     empty_pem4f.oem4f (.const:ti_sysbios_family_arm_m3_Hwi_excHookFuncs__A)
                  00007f98    00000008     empty_pem4f.oem4f (.const:ti_sysbios_knl_Idle_funcList__C)
                  00007fa0    00000008     empty_pem4f.oem4f (.const:xdc_runtime_Startup_firstFxns__C)
                  00007fa8    00000008     empty_pem4f.oem4f (.const:xdc_runtime_Startup_lastFxns__C)
                  00007fb0    00000004     empty_pem4f.oem4f (.const:ti_catalog_arm_cortexm4_tiva_ce_Boot_A_mustUseEnhancedClockMode__C)
                  00007fb4    00000004     empty_pem4f.oem4f (.const:ti_catalog_arm_cortexm4_tiva_ce_Boot_Module__diagsEnabled__C)
                  00007fb8    00000004     empty_pem4f.oem4f (.const:ti_catalog_arm_cortexm4_tiva_ce_Boot_Module__diagsIncluded__C)
                  00007fbc    00000004     empty_pem4f.oem4f (.const:ti_catalog_arm_cortexm4_tiva_ce_Boot_Module__diagsMask__C)
                  00007fc0    00000004     empty_pem4f.oem4f (.const:ti_sysbios_family_arm_lm4_Timer_enableFunc__C)
                  00007fc4    00000004     empty_pem4f.oem4f (.const:ti_sysbios_family_arm_lm4_Timer_numTimerDevices__C)
                  00007fc8    00000004     empty_pem4f.oem4f (.const:ti_sysbios_family_arm_lm4_Timer_startupNeeded__C)
                  00007fcc    00000004     empty_pem4f.oem4f (.const:ti_sysbios_family_arm_m3_Hwi_E_NMI__C)
                  00007fd0    00000004     empty_pem4f.oem4f (.const:ti_sysbios_family_arm_m3_Hwi_E_busFault__C)
                  00007fd4    00000004     empty_pem4f.oem4f (.const:ti_sysbios_family_arm_m3_Hwi_E_debugMon__C)
                  00007fd8    00000004     empty_pem4f.oem4f (.const:ti_sysbios_family_arm_m3_Hwi_E_hardFault__C)
                  00007fdc    00000004     empty_pem4f.oem4f (.const:ti_sysbios_family_arm_m3_Hwi_E_memFault__C)
                  00007fe0    00000004     empty_pem4f.oem4f (.const:ti_sysbios_family_arm_m3_Hwi_E_noIsr__C)
                  00007fe4    00000004     empty_pem4f.oem4f (.const:ti_sysbios_family_arm_m3_Hwi_E_reserved__C)
                  00007fe8    00000004     empty_pem4f.oem4f (.const:ti_sysbios_family_arm_m3_Hwi_E_svCall__C)
                  00007fec    00000004     empty_pem4f.oem4f (.const:ti_sysbios_family_arm_m3_Hwi_E_usageFault__C)
                  00007ff0    00000004     empty_pem4f.oem4f (.const:ti_sysbios_family_arm_m3_Hwi_NUM_INTERRUPTS__C)
                  00007ff4    00000004     empty_pem4f.oem4f (.const:ti_sysbios_family_arm_m3_Hwi_Object__count__C)
                  00007ff8    00000004     empty_pem4f.oem4f (.const:ti_sysbios_family_arm_m3_Hwi_ccr__C)
                  00007ffc    00000004     empty_pem4f.oem4f (.const:ti_sysbios_family_arm_m3_Hwi_excHandlerFunc__C)
                  00008000    00000004     empty_pem4f.oem4f (.const:ti_sysbios_family_arm_m3_Hwi_excHookFuncs__C)
                  00008004    00000004     empty_pem4f.oem4f (.const:ti_sysbios_family_arm_m3_Hwi_nullIsrFunc__C)
                  00008008    00000004     empty_pem4f.oem4f (.const:ti_sysbios_family_arm_m3_Hwi_priGroup__C)
                  0000800c    00000004     empty_pem4f.oem4f (.const:ti_sysbios_gates_GateMutex_A_badContext__C)
                  00008010    00000004     empty_pem4f.oem4f (.const:ti_sysbios_gates_GateMutex_Instance_State_sem__O)
                  00008014    00000004     empty_pem4f.oem4f (.const:ti_sysbios_gates_GateMutex_Module__diagsEnabled__C)
                  00008018    00000004     empty_pem4f.oem4f (.const:ti_sysbios_gates_GateMutex_Module__diagsIncluded__C)
                  0000801c    00000004     empty_pem4f.oem4f (.const:ti_sysbios_gates_GateMutex_Module__diagsMask__C)
                  00008020    00000004     empty_pem4f.oem4f (.const:ti_sysbios_hal_Hwi_E_stackOverflow__C)
                  00008024    00000004     empty_pem4f.oem4f (.const:ti_sysbios_heaps_HeapMem_A_align__C)
                  00008028    00000004     empty_pem4f.oem4f (.const:ti_sysbios_heaps_HeapMem_A_heapSize__C)
                  0000802c    00000004     empty_pem4f.oem4f (.const:ti_sysbios_heaps_HeapMem_A_invalidFree__C)
                  00008030    00000004     empty_pem4f.oem4f (.const:ti_sysbios_heaps_HeapMem_A_zeroBlock__C)
                  00008034    00000004     empty_pem4f.oem4f (.const:ti_sysbios_heaps_HeapMem_E_memory__C)
                  00008038    00000004     empty_pem4f.oem4f (.const:ti_sysbios_heaps_HeapMem_Module__diagsEnabled__C)
                  0000803c    00000004     empty_pem4f.oem4f (.const:ti_sysbios_heaps_HeapMem_Module__diagsIncluded__C)
                  00008040    00000004     empty_pem4f.oem4f (.const:ti_sysbios_heaps_HeapMem_Module__diagsMask__C)
                  00008044    00000004     empty_pem4f.oem4f (.const:ti_sysbios_heaps_HeapMem_Module__gateObj__C)
                  00008048    00000004     empty_pem4f.oem4f (.const:ti_sysbios_heaps_HeapMem_Object__count__C)
                  0000804c    00000004     empty_pem4f.oem4f (.const:ti_sysbios_heaps_HeapMem_reqAlign__C)
                  00008050    00000004     empty_pem4f.oem4f (.const:ti_sysbios_knl_Clock_Module_State_clockQ__O)
                  00008054    00000004     empty_pem4f.oem4f (.const:ti_sysbios_knl_Idle_funcList__A)
                  00008058    00000004     empty_pem4f.oem4f (.const:ti_sysbios_knl_Semaphore_A_badContext__C)
                  0000805c    00000004     empty_pem4f.oem4f (.const:ti_sysbios_knl_Semaphore_A_noEvents__C)
                  00008060    00000004     empty_pem4f.oem4f (.const:ti_sysbios_knl_Semaphore_A_overflow__C)
                  00008064    00000004     empty_pem4f.oem4f (.const:ti_sysbios_knl_Semaphore_A_pendTaskDisabled__C)
                  00008068    00000004     empty_pem4f.oem4f (.const:ti_sysbios_knl_Semaphore_Instance_State_pendQ__O)
                  0000806c    00000004     empty_pem4f.oem4f (.const:ti_sysbios_knl_Semaphore_Module__diagsEnabled__C)
                  00008070    00000004     empty_pem4f.oem4f (.const:ti_sysbios_knl_Semaphore_Module__diagsIncluded__C)
                  00008074    00000004     empty_pem4f.oem4f (.const:ti_sysbios_knl_Semaphore_Module__diagsMask__C)
                  00008078    00000004     empty_pem4f.oem4f (.const:ti_sysbios_knl_Swi_Object__count__C)
                  0000807c    00000004     empty_pem4f.oem4f (.const:ti_sysbios_knl_Task_E_spOutOfBounds__C)
                  00008080    00000004     empty_pem4f.oem4f (.const:ti_sysbios_knl_Task_E_stackOverflow__C)
                  00008084    00000004     empty_pem4f.oem4f (.const:ti_sysbios_knl_Task_Module_State_inactiveQ__O)
                  00008088    00000004     empty_pem4f.oem4f (.const:ti_sysbios_knl_Task_Object__count__C)
                  0000808c    00000004     empty_pem4f.oem4f (.const:ti_sysbios_knl_Task_allBlockedFunc__C)
                  00008090    00000004     empty_pem4f.oem4f (.const:ti_sysbios_knl_Task_numConstructedTasks__C)
                  00008094    00000004     uartstdio.obj (.const)
                  00008098    00000004     empty_pem4f.oem4f (.const:xdc_runtime_Assert_E_assertFailed__C)
                  0000809c    00000004     empty_pem4f.oem4f (.const:xdc_runtime_Core_A_initializedParams__C)
                  000080a0    00000004     empty_pem4f.oem4f (.const:xdc_runtime_Core_Module__diagsEnabled__C)
                  000080a4    00000004     empty_pem4f.oem4f (.const:xdc_runtime_Core_Module__diagsIncluded__C)
                  000080a8    00000004     empty_pem4f.oem4f (.const:xdc_runtime_Core_Module__diagsMask__C)
                  000080ac    00000004     empty_pem4f.oem4f (.const:xdc_runtime_Error_E_memory__C)
                  000080b0    00000004     empty_pem4f.oem4f (.const:xdc_runtime_Error_Module__diagsEnabled__C)
                  000080b4    00000004     empty_pem4f.oem4f (.const:xdc_runtime_Error_Module__diagsIncluded__C)
                  000080b8    00000004     empty_pem4f.oem4f (.const:xdc_runtime_Error_Module__diagsMask__C)
                  000080bc    00000004     empty_pem4f.oem4f (.const:xdc_runtime_Error_Module__loggerFxn8__C)
                  000080c0    00000004     empty_pem4f.oem4f (.const:xdc_runtime_Error_Module__loggerObj__C)
                  000080c4    00000004     empty_pem4f.oem4f (.const:xdc_runtime_Error_policyFxn__C)
                  000080c8    00000004     empty_pem4f.oem4f (.const:xdc_runtime_Error_raiseHook__C)
                  000080cc    00000004     empty_pem4f.oem4f (.const:xdc_runtime_IGateProvider_Interface__BASE__C)
                  000080d0    00000004     empty_pem4f.oem4f (.const:xdc_runtime_IHeap_Interface__BASE__C)
                  000080d4    00000004     empty_pem4f.oem4f (.const:xdc_runtime_IModule_Interface__BASE__C)
                  000080d8    00000004     empty_pem4f.oem4f (.const:xdc_runtime_Log_L_error__C)
                  000080dc    00000004     empty_pem4f.oem4f (.const:xdc_runtime_Memory_defaultHeapInstance__C)
                  000080e0    00000004     empty_pem4f.oem4f (.const:xdc_runtime_Startup_execImpl__C)
                  000080e4    00000004     empty_pem4f.oem4f (.const:xdc_runtime_Startup_maxPasses__C)
                  000080e8    00000004     empty_pem4f.oem4f (.const:xdc_runtime_Startup_sfxnRts__C)
                  000080ec    00000004     empty_pem4f.oem4f (.const:xdc_runtime_Startup_sfxnTab__C)
                  000080f0    00000004     empty_pem4f.oem4f (.const:xdc_runtime_SysMin_bufSize__C)
                  000080f4    00000004     empty_pem4f.oem4f (.const:xdc_runtime_SysMin_outputFunc__C)
                  000080f8    00000004     empty_pem4f.oem4f (.const:xdc_runtime_System_Module__gateObj__C)
                  000080fc    00000004     empty_pem4f.oem4f (.const:xdc_runtime_System_abortFxn__C)
                  00008100    00000004     empty_pem4f.oem4f (.const:xdc_runtime_System_exitFxn__C)
                  00008104    00000004     empty_pem4f.oem4f (.const:xdc_runtime_System_extendFxn__C)
                  00008108    00000004     empty_pem4f.oem4f (.const:xdc_runtime_System_maxAtexitHandlers__C)
                  0000810c    00000004     empty_pem4f.oem4f (.const:xdc_runtime_Text_charTab__C)
                  00008110    00000004     empty_pem4f.oem4f (.const:xdc_runtime_Text_nameEmpty__C)
                  00008114    00000004     empty_pem4f.oem4f (.const:xdc_runtime_Text_nameStatic__C)
                  00008118    00000004     empty_pem4f.oem4f (.const:xdc_runtime_Text_nameUnknown__C)
                  0000811c    00000004     empty_pem4f.oem4f (.const:xdc_runtime_Text_nodeTab__C)
                  00008120    00000004     empty_pem4f.oem4f (.const:xdc_runtime_Text_visitRopeFxn__C)
                  00008124    00000002     empty_pem4f.oem4f (.const:ti_sysbios_family_arm_m3_Hwi_Module__id__C)
                  00008126    00000002     empty_pem4f.oem4f (.const:ti_sysbios_gates_GateMutex_Module__id__C)
                  00008128    00000002     empty_pem4f.oem4f (.const:ti_sysbios_hal_Hwi_Module__id__C)
                  0000812a    00000002     empty_pem4f.oem4f (.const:ti_sysbios_heaps_HeapMem_Module__id__C)
                  0000812c    00000002     empty_pem4f.oem4f (.const:ti_sysbios_knl_Semaphore_Module__id__C)
                  0000812e    00000002     empty_pem4f.oem4f (.const:ti_sysbios_knl_Task_Module__id__C)
                  00008130    00000002     empty_pem4f.oem4f (.const:xdc_runtime_Core_Module__id__C)
                  00008132    00000002     empty_pem4f.oem4f (.const:xdc_runtime_Error_Module__loggerDefined__C)
                  00008134    00000002     empty_pem4f.oem4f (.const:xdc_runtime_Error_maxDepth__C)
                  00008136    00000002     empty_pem4f.oem4f (.const:xdc_runtime_Memory_Module__id__C)
                  00008138    00000002     empty_pem4f.oem4f (.const:xdc_runtime_SysMin_flushAtExit__C)
                  0000813a    00000002     empty_pem4f.oem4f (.const:xdc_runtime_Text_charCnt__C)
                  0000813c    00000002     empty_pem4f.oem4f (.const:xdc_runtime_Text_isLoaded__C)
                  0000813e    00000002     empty_pem4f.oem4f (.const:xdc_runtime_Text_registryModsLastId__C)
                  00008140    00000002     empty_pem4f.oem4f (.const:xdc_runtime_Text_unnamedModsLastId__C)

.cinit     0    00008148    00000270     
                  00008148    0000023a     (.cinit..data.load) [load image, compression = lzss]
                  00008382    00000002     --HOLE-- [fill = 0]
                  00008384    0000000c     (__TI_handler_table)
                  00008390    00000008     (.cinit..bss.load) [load image, compression = zero_init]
                  00008398    00000008     (.cinit..vecs.load) [load image, compression = zero_init]
                  000083a0    00000018     (__TI_cinit_table)

.init_array 
*          0    00000000    00000000     UNINITIALIZED

.resetVecs 
*          0    00000000    0000003c     
                  00000000    0000003c     empty_pem4f.oem4f (.resetVecs)

.bss       0    20000360    00000d58     UNINITIALIZED
                  20000360    00000400     empty_pem4f.oem4f (.bss:taskStackSection)
                  20000760    00000400     (.common:ti_sysbios_heaps_HeapMem_Instance_State_0_buf__A)
                  20000b60    00000360     (.common:ti_sysbios_family_arm_m3_Hwi_dispatchTable)
                  20000ec0    00000120     rtsv7M4_T_le_v4SPD16_eabi.lib : trgmsg.c.obj (.bss:_CIOBUF_)
                  20000fe0    00000080     (.common:xdc_runtime_SysMin_Module_State_0_outbuf__A)
                  20001060    00000028     (.common:buffer1)
                  20001088    00000028     (.common:buffer2)
                  200010b0    00000008     (.common:parmbuf)

.data      0    200010b8    00000546     UNINITIALIZED
                  200010b8    00000098     empty_pem4f.oem4f (.data:ti_sysbios_knl_Task_Object__table__V)
                  20001150    00000090     empty_pem4f.oem4f (.data:ti_sysbios_family_arm_m3_Hwi_Object__table__V)
                  200011e0    00000080     empty_pem4f.oem4f (.data:ti_sysbios_knl_Swi_Module_State_0_readyQ__A)
                  20001260    00000080     empty_pem4f.oem4f (.data:ti_sysbios_knl_Task_Module_State_0_readyQ__A)
                  200012e0    00000060     empty_pem4f.oem4f (.data:ti_sysbios_knl_Swi_Object__table__V)
                  20001340    00000044     empty_pem4f.oem4f (.data:ti_sysbios_knl_Task_Module__state__V)
                  20001384    00000040     empty_pem4f.oem4f (.data:ti_sysbios_family_arm_lm4_Timer_Object__table__V)
                  200013c4    00000038     empty_pem4f.oem4f (.data:ti_sysbios_gates_GateMutex_Object__table__V)
                  200013fc    00000034     empty_pem4f.oem4f (.data:ti_sysbios_family_arm_m3_Hwi_Module__state__V)
                  20001430    00000030     empty_pem4f.oem4f (.data:ti_sysbios_family_arm_lm4_Timer_Module_State_0_device__A)
                  20001460    0000002c     empty.obj (.data)
                  2000148c    0000002c     empty_pem4f.oem4f (.data:ti_sysbios_knl_Clock_Module__state__V)
                  200014b8    00000028     empty_pem4f.oem4f (.data:ti_sysbios_hal_Hwi_Object__table__V)
                  200014e0    00000024     empty_pem4f.oem4f (.data:ti_sysbios_BIOS_Module__state__V)
                  20001504    0000001c     empty_pem4f.oem4f (.data:ti_sysbios_knl_Swi_Module__state__V)
                  20001520    00000018     empty_pem4f.oem4f (.data:ti_sysbios_family_arm_lm4_Timer_Module_State_0_handles__A)
                  20001538    00000018     empty_pem4f.oem4f (.data:ti_sysbios_heaps_HeapMem_Object__table__V)
                  20001550    00000014     empty_pem4f.oem4f (.data:ti_sysbios_knl_Semaphore_Object__table__V)
                  20001564    00000010     empty.obj (.data:commands)
                  20001574    0000000c     empty_pem4f.oem4f (.data:ti_sysbios_family_arm_lm4_Timer_Module__state__V)
                  20001580    0000000c     empty_pem4f.oem4f (.data:xdc_runtime_SysMin_Module__state__V)
                  2000158c    00000008     rtsv7M4_T_le_v4SPD16_eabi.lib : _lock.c.obj (.data:$O1$$)
                  20001594    00000008     empty_pem4f.oem4f (.data:ti_sysbios_gates_GateHwi_Module__root__V)
                  2000159c    00000008     empty_pem4f.oem4f (.data:ti_sysbios_gates_GateMutex_Module__root__V)
                  200015a4    00000008     empty_pem4f.oem4f (.data:ti_sysbios_heaps_HeapMem_Module__root__V)
                  200015ac    00000008     empty_pem4f.oem4f (.data:ti_sysbios_knl_Queue_Module__root__V)
                  200015b4    00000008     empty_pem4f.oem4f (.data:ti_sysbios_knl_Semaphore_Module__root__V)
                  200015bc    00000008     empty_pem4f.oem4f (.data:xdc_runtime_Registry_Module__state__V)
                  200015c4    00000008     empty_pem4f.oem4f (.data:xdc_runtime_Startup_Module__state__V)
                  200015cc    00000008     empty_pem4f.oem4f (.data:xdc_runtime_System_Module_State_0_atexitHandlers__A)
                  200015d4    00000008     empty_pem4f.oem4f (.data:xdc_runtime_System_Module__state__V)
                  200015dc    00000005     uartstdio.obj (.data)
                  200015e1    00000001     --HOLE--
                  200015e2    00000002     empty_pem4f.oem4f (.data:ti_sysbios_family_arm_m3_Hwi_Module_State_0_excActive__A)
                  200015e4    00000004     rtsv7M4_T_le_v4SPD16_eabi.lib : stkdepth_vars.c.obj (.data)
                  200015e8    00000004     empty_pem4f.oem4f (.data:ti_sysbios_family_arm_m3_Hwi_Module_State_0_excContext__A)
                  200015ec    00000004     empty_pem4f.oem4f (.data:ti_sysbios_family_arm_m3_Hwi_Module_State_0_excStack__A)
                  200015f0    00000004     empty_pem4f.oem4f (.data:ti_sysbios_gates_GateHwi_Object__table__V)
                  200015f4    00000004     empty_pem4f.oem4f (.data:ti_sysbios_knl_Task_Module_State_0_idleTask__A)
                  200015f8    00000004     empty_pem4f.oem4f (.data:xdc_runtime_Memory_Module__state__V)
                  200015fc    00000002     empty_pem4f.oem4f (.data:xdc_runtime_Error_Module__state__V)

.stack     0    20001600    00000300     UNINITIALIZED
                  20001600    00000300     --HOLE--

.bootVecs 
*          0    00000000    00000008     DSECT
                  00000000    00000008     boot.aem4f : boot.oem4f (.bootVecs)

.vecs      0    20000000    00000360     UNINITIALIZED
                  20000000    00000360     empty_pem4f.oem4f (.vecs)

xdc.meta   0    00000000    00000128     COPY SECTION
                  00000000    00000128     empty_pem4f.oem4f (xdc.meta)

__llvm_prf_cnts 
*          0    20000000    00000000     UNINITIALIZED

MODULE SUMMARY

       Module                       code    ro data   rw data
       ------                       ----    -------   -------
    .\
       empty.obj                    2894    0         140    
       uartstdio.obj                976     46        5      
    +--+----------------------------+-------+---------+---------+
       Total:                       3870    46        145    
                                                             
    C:\Users\david\workspace_vMilestonesFinalFinal\Team24_Milestone10_Rodriguez_Lopez_Stewart\Milestone6\Milestone6\Debug\configPkg\package\cfg\
       empty_pem4f.oem4f            1446    7568      5176   
    +--+----------------------------+-------+---------+---------+
       Total:                       1446    7568      5176   
                                                             
    C:/ti/tirtos_tivac_2_16_00_08/products/TivaWare_C_Series-2.1.1.71b/driverlib/ccs/Debug/driverlib.lib
       sysctl.obj                   698     108       0      
       gpio.obj                     526     144       0      
       adc.obj                      276     0         0      
       interrupt.obj                120     112       0      
       uart.obj                     184     0         0      
       timer.obj                    166     0         0      
       pwm.obj                      110     0         0      
       cpu.obj                      12      0         0      
    +--+----------------------------+-------+---------+---------+
       Total:                       2092    364       0      
                                                             
    C:\Users\david\workspace_vMilestonesFinalFinal\Team24_Milestone10_Rodriguez_Lopez_Stewart\Milestone6\Milestone6\src\sysbios\sysbios.aem4f
       BIOS.obj                     10160   0         0      
       m3_Hwi_asm.obj               314     0         0      
       m3_TaskSupport_asm.obj       180     0         0      
       m3_Hwi_asm_switch.obj        118     0         0      
    +--+----------------------------+-------+---------+---------+
       Total:                       10772   0         0      
                                                             
    C:\ti\ccs1040\ccs\tools\compiler\ti-cgt-arm_20.2.7.LTS\lib\rtsv7M4_T_le_v4SPD16_eabi.lib
       fd_add_t2.asm.obj            438     0         0      
       trgmsg.c.obj                 108     0         288    
       fd_div_t2.asm.obj            310     0         0      
       fd_mul_t2.asm.obj            252     0         0      
       memcpy_t2.asm.obj            156     0         0      
       memset_t2.asm.obj            122     0         0      
       fd_tos_t2.asm.obj            110     0         0      
       copy_decompress_lzss.c.obj   104     0         0      
       hostwrite.c.obj              88      0         0      
       cpy_tbl.c.obj                76      0         0      
       fd_toi_t2.asm.obj            72      0         0      
       u_divt2.asm.obj              64      0         0      
       fs_tod_t2.asm.obj            56      0         0      
       strncmp.c.obj                44      0         0      
       _lock.c.obj                  26      0         8      
       args_main.c.obj              24      0         0      
       strlen.c.obj                 20      0         0      
       copy_decompress_none.c.obj   14      0         0      
       copy_zero_init.c.obj         12      0         0      
       hostopen.c.obj               0       0         8      
       exit.c.obj                   4       0         0      
       stkdepth_vars.c.obj          0       0         4      
       div0.asm.obj                 2       0         0      
    +--+----------------------------+-------+---------+---------+
       Total:                       2102    0         308    
                                                             
    C:\ti\tirtos_tivac_2_16_00_08\products\bios_6_45_01_29\packages\ti\catalog\arm\cortexm4\tiva\ce\lib\Boot.aem4f
       Boot_sysctl.oem4f            262     0         0      
       Boot.oem4f                   152     0         0      
    +--+----------------------------+-------+---------+---------+
       Total:                       414     0         0      
                                                             
    C:\ti\tirtos_tivac_2_16_00_08\products\bios_6_45_01_29\packages\ti\targets\arm\rtsarm\lib\auto_init.aem4f
       auto_init.oem4f              160     0         0      
    +--+----------------------------+-------+---------+---------+
       Total:                       160     0         0      
                                                             
    C:\ti\tirtos_tivac_2_16_00_08\products\bios_6_45_01_29\packages\ti\targets\arm\rtsarm\lib\boot.aem4f
       boot.oem4f                   88      0         0      
    +--+----------------------------+-------+---------+---------+
       Total:                       88      0         0      
                                                             
    C:\ti\tirtos_tivac_2_16_00_08\products\bios_6_45_01_29\packages\ti\targets\arm\rtsarm\lib\ti.targets.arm.rtsarm.aem4f
       System.oem4f                 1255    0         0      
       Text.oem4f                   672     0         0      
       Error.oem4f                  524     0         0      
       Core-mem.oem4f               358     0         0      
       Startup.oem4f                328     0         0      
       SysMin.oem4f                 248     0         0      
       Core-smem.oem4f              204     0         0      
       Memory.oem4f                 176     0         0      
       Assert.oem4f                 84      0         0      
       Core-params.oem4f            70      0         0      
       Core-label.oem4f             52      0         0      
       Registry.oem4f               32      0         0      
       Gate.oem4f                   28      0         0      
    +--+----------------------------+-------+---------+---------+
       Total:                       4031    0         0      
                                                             
       Stack:                       0       0         768    
       Linker Generated:            0       622       0      
    +--+----------------------------+-------+---------+---------+
       Grand Total:                 24975   8600      6397   


LINKER GENERATED COPY TABLES

__TI_cinit_table @ 000083a0 records: 3, size/record: 8, table size: 24
	.data: load addr=00008148, load size=0000023a bytes, run addr=200010b8, run size=00000546 bytes, compression=lzss
	.bss: load addr=00008390, load size=00000008 bytes, run addr=20000360, run size=00000d58 bytes, compression=zero_init
	.vecs: load addr=00008398, load size=00000008 bytes, run addr=20000000, run size=00000360 bytes, compression=zero_init


LINKER GENERATED HANDLER TABLE

__TI_handler_table @ 00008384 records: 3, size/record: 4, table size: 12
	index: 0, handler: __TI_decompress_lzss
	index: 1, handler: __TI_decompress_none
	index: 2, handler: __TI_zero_init


GLOBAL SYMBOLS: SORTED ALPHABETICALLY BY Name 

address   name                                                              
-------   ----                                                              
00005d05  ADCClockConfigSet                                                 
00005d1d  ADCProcessorTrigger                                               
00004e79  ADCSequenceConfigure                                              
00005a51  ADCSequenceDataGet                                                
00006081  ADCSequenceEnable                                                 
00003a8d  ADCSequenceStepConfigure                                          
00005aad  ADCTimer_Handler                                                  
000047dd  ADCTimer_Init                                                     
00003b81  ADCinit                                                           
0000313d  BlackLineDetection                                                
00005ac9  Brake                                                             
00001abd  C$$EXIT                                                           
0000508b  C$$IO$$                                                           
000060dd  CPUcpsie                                                          
000046e1  DataTimer                                                         
00002f1d  DataTimerHandler                                                  
00004165  EmergencyStop                                                     
00005681  GPIODirModeSet                                                    
00001fb5  GPIOPadConfigSet                                                  
00004aa5  GPIOPinConfigure                                                  
000017db  GPIOPinRead                                                       
00005efd  GPIOPinTypeADC                                                    
00005f0f  GPIOPinTypeGPIOInput                                              
00005d35  GPIOPinTypeGPIOOutput                                             
00005f21  GPIOPinTypePWM                                                    
00005f33  GPIOPinTypeUART                                                   
00001e7b  GPIOPinWrite                                                      
000045d9  HOSTwrite                                                         
00003efd  IntEnable                                                         
00005f8d  IntMasterEnable                                                   
00005ae5  LEDConfig                                                         
00004eb9  LightSensorInit                                                   
00005d4d  LightSensorTimerHandler                                           
00004035  LightSensorTimerInit                                              
00004631  MazeTimer                                                         
0000144d  PID                                                               
000058c1  PWMGenConfigure                                                   
000060e9  PWMGenEnable                                                      
00005f9d  PWMGenPeriodSet                                                   
00005f45  PWMOutputState                                                    
00005a6f  PWMPulseWidthSet                                                  
00002afd  PWMinit                                                           
2000147c  PrevError                                                         
000056d5  ReadLightSensor                                                   
00005b01  Run                                                               
UNDEFED   SHT$$INIT_ARRAY$$Base                                             
UNDEFED   SHT$$INIT_ARRAY$$Limit                                            
2000146c  SingleBlackLine                                                   
00005b1d  Start_Motor                                                       
00002321  SysCtlClockGet                                                    
00002a0d  SysCtlClockSet                                                    
00004e33  SysCtlDelay                                                       
00005e59  SysCtlPWMClockSet                                                 
000051e9  SysCtlPeripheralEnable                                            
00004fed  SysCtlPeripheralPresent                                           
00005025  SysCtlPeripheralReady                                             
000058e3  TimerClockSourceSet                                               
000041c5  TimerConfigure                                                    
00005e6d  TimerDisable                                                      
0000608f  TimerEnable                                                       
00001005  TimerIntClear                                                     
000061cd  TimerIntEnable                                                    
00005f57  TimerLoadSet                                                      
000020e5  TransmitData                                                      
00004225  TurnLeft                                                          
00004285  TurnRight                                                         
000031e9  UART1IntHandler                                                   
00003499  UART1_init                                                        
00006191  UARTCharGet                                                       
0000619b  UARTCharPut                                                       
000060f5  UARTCharsAvail                                                    
00004db1  UARTConfigSetExpClk                                               
00005b39  UARTDisable                                                       
00005e81  UARTEnable                                                        
000061a5  UARTFIFOEnable                                                    
000060ab  UARTFIFOLevelSet                                                  
00001955  UARTIntClear                                                      
000061d5  UARTIntEnable                                                     
000061af  UARTIntStatus                                                     
00004735  UARTStdioConfig                                                   
00005775  UARTprintf                                                        
000007bd  UARTvprintf                                                       
00004921  UARTwrite                                                         
00000000  __ASM__                                                           
20000ec0  __CIOBUF_                                                         
000000a6  __ISA__                                                           
000000b9  __PLAT__                                                          
20001900  __STACK_END                                                       
00000300  __STACK_SIZE                                                      
000000da  __TARG__                                                          
000083a0  __TI_CINIT_Base                                                   
000083b8  __TI_CINIT_Limit                                                  
00008384  __TI_Handler_Table_Base                                           
00008390  __TI_Handler_Table_Limit                                          
00003539  __TI_auto_init                                                    
00003f65  __TI_decompress_lzss                                              
0000609d  __TI_decompress_none                                              
ffffffff  __TI_pprof_out_hndl                                               
ffffffff  __TI_prof_data_size                                               
ffffffff  __TI_prof_data_start                                              
0000521d  __TI_readmsg                                                      
00008148  __TI_static_base__                                                
0000505d  __TI_writemsg                                                     
00006119  __TI_zero_init                                                    
00000100  __TRDR__                                                          
00003cd9  __aeabi_d2f                                                       
00004aed  __aeabi_d2iz                                                      
0000162f  __aeabi_dadd                                                      
00001d45  __aeabi_ddiv                                                      
0000262d  __aeabi_dmul                                                      
00001625  __aeabi_dsub                                                      
00005095  __aeabi_f2d                                                       
00003d47  __aeabi_idiv0                                                     
00003d47  __aeabi_ldiv0                                                     
00003b07  __aeabi_memclr                                                    
00003b07  __aeabi_memclr4                                                   
00003b07  __aeabi_memclr8                                                   
00003679  __aeabi_memcpy                                                    
00003679  __aeabi_memcpy4                                                   
00003679  __aeabi_memcpy8                                                   
00003b09  __aeabi_memset                                                    
00003b09  __aeabi_memset4                                                   
00003b09  __aeabi_memset8                                                   
00004df3  __aeabi_uidiv                                                     
00004df3  __aeabi_uidivmod                                                  
ffffffff  __binit__                                                         
ffffffff  __c_args__                                                        
20001600  __stack                                                           
20000000  __start___llvm_prf_cnts                                           
20000000  __stop___llvm_prf_cnts                                            
00005d65  _args_main                                                        
00004581  _c_int00                                                          
2000158c  _lock                                                             
0000384f  _nop                                                              
00006101  _register_lock                                                    
0000610d  _register_unlock                                                  
20001590  _unlock                                                           
00001abd  abort                                                             
20001480  active                                                            
20001484  back                                                              
ffffffff  binit                                                             
20001060  buffer1                                                           
20001088  buffer2                                                           
20001488  bufferPtr                                                         
20001474  collection                                                        
20001564  commands                                                          
0000496d  copy_in                                                           
00005b55  forward                                                           
00007e18  halHwi0                                                           
00007e24  halHwi1                                                           
00007e28  halHwi2                                                           
00007e2c  halHwi3                                                           
00007e34  halHwi4                                                           
20001470  line                                                              
00005571  main                                                              
200015e4  main_func_sp                                                      
00003679  memcpy                                                            
00003b0f  memset                                                            
00004ef5  milliseconds                                                      
20001464  ms                                                                
00006021  osi_TaskDisable                                                   
00005fc1  osi_start                                                         
200010b0  parmbuf                                                           
20001460  s                                                                 
[...]
00006119  __TI_zero_init                                                    
00006129  ti_sysbios_family_arm_lm4_Timer_getMaxTicks__E                    
00006139  ti_sysbios_family_arm_m3_TaskSupport_checkStack__E                
00006139  ti_sysbios_knl_Task_SupportProxy_checkStack__E                    
00006149  ti_sysbios_gates_GateHwi_enter__E                                 
00006155  ti_sysbios_knl_Queue_Object__get__S                               
00006161  xdc_runtime_Error_init__E                                         
0000616d  xdc_runtime_Gate_enterSystem__E                                   
00006179  xdc_runtime_Memory_calloc__E                                      
00006185  xdc_runtime_Memory_getMaxDefaultTypeAlign__E                      
00006191  UARTCharGet                                                       
0000619b  UARTCharPut                                                       
000061a5  UARTFIFOEnable                                                    
000061af  UARTIntStatus                                                     
000061b9  xdc_runtime_Memory_HeapProxy_alloc__E                             
000061c3  xdc_runtime_Memory_HeapProxy_free__E                              
000061cd  TimerIntEnable                                                    
000061d5  UARTIntEnable                                                     
000061dd  ti_sysbios_family_arm_lm4_Timer_masterDisable__I                  
000061e9  ti_sysbios_family_arm_m3_Hwi_doSwiRestore__I                      
000061f1  ti_sysbios_family_arm_m3_Hwi_startup__E                           
000061f1  ti_sysbios_hal_Hwi_HwiProxy_startup__E                            
000061f1  ti_sysbios_hal_Hwi_startup__E                                     
000061f9  ti_catalog_arm_cortexm4_tiva_ce_Boot_sysCtlDelayI__I              
00006201  ti_sysbios_family_arm_m3_Hwi_doTaskRestore__I                     
00006209  ti_sysbios_gates_GateHwi_leave__E                                 
00006211  ti_sysbios_heaps_HeapMem_isBlocking__E                            
00006219  ti_sysbios_knl_Queue_Instance_init__E                             
00006221  ti_sysbios_knl_Swi_startup__E                                     
00006227  xdc_runtime_System_Module_startup__E                              
00006231  ti_sysbios_gates_GateHwi_query__E                                 
00006231  xdc_runtime_Main_Module_GateProxy_query__E                        
00006231  xdc_runtime_System_Module_GateProxy_query__E                      
00006239  ti_sysbios_BIOS_RtsGateProxy_query__E                             
00006239  ti_sysbios_gates_GateMutex_query__E                               
00006239  ti_sysbios_heaps_HeapMem_Module_GateProxy_query__E                
00006241  ti_sysbios_knl_Task_startup__E                                    
00006249  ti_sysbios_gates_GateHwi_Instance_init__E                         
00006251  ti_sysbios_knl_Clock_logTick__E                                   
00006254  xdc_runtime_Text_charTab__A                                       
00007aef  xdc_runtime_Error_policy__C                                       
00007af0  xdc_runtime_Text_nodeTab__A                                       
00007d60  ti_sysbios_heaps_HeapMem_Module__FXNS__C                          
00007d88  ti_sysbios_gates_GateHwi_Module__FXNS__C                          
00007dac  ti_sysbios_gates_GateMutex_Module__FXNS__C                        
00007dd0  ti_sysbios_heaps_HeapMem_Object__PARAMS__C                        
00007df4  ti_sysbios_knl_Semaphore_Object__PARAMS__C                        
00007e18  halHwi0                                                           
00007e1c  task0                                                             
00007e20  semPID                                                            
00007e24  halHwi1                                                           
00007e28  halHwi2                                                           
00007e2c  halHwi3                                                           
00007e30  swi0                                                              
00007e34  halHwi4                                                           
00007e38  ti_sysbios_gates_GateHwi_Object__DESC__C                          
00007e58  ti_sysbios_gates_GateMutex_Object__DESC__C                        
00007e78  ti_sysbios_heaps_HeapMem_Object__DESC__C                          
00007e98  ti_sysbios_knl_Queue_Object__DESC__C                              
00007eb8  ti_sysbios_knl_Semaphore_Object__DESC__C                          
00007ed8  xdc_runtime_Startup_sfxnTab__A                                    
00007ef8  ti_sysbios_gates_GateHwi_Object__PARAMS__C                        
00007f10  ti_sysbios_gates_GateMutex_Object__PARAMS__C                      
00007f28  ti_sysbios_knl_Queue_Object__PARAMS__C                            
00007f40  xdc_runtime_Startup_firstFxns__A                                  
00007f66  xdc_runtime_Startup_sfxnRts__A                                    
00007f76  ti_catalog_arm_cortexm4_tiva_ce_Boot_Module__id__C                
00007f90  ti_sysbios_family_arm_m3_Hwi_excHookFuncs__A                      
00007f98  ti_sysbios_knl_Idle_funcList__C                                   
00007fa0  xdc_runtime_Startup_firstFxns__C                                  
00007fa8  xdc_runtime_Startup_lastFxns__C                                   
00007fb0  ti_catalog_arm_cortexm4_tiva_ce_Boot_A_mustUseEnhancedClockMode__C
00007fb4  ti_catalog_arm_cortexm4_tiva_ce_Boot_Module__diagsEnabled__C      
00007fb8  ti_catalog_arm_cortexm4_tiva_ce_Boot_Module__diagsIncluded__C     
00007fbc  ti_catalog_arm_cortexm4_tiva_ce_Boot_Module__diagsMask__C         
00007fc0  ti_sysbios_family_arm_lm4_Timer_enableFunc__C                     
00007fc4  ti_sysbios_family_arm_lm4_Timer_numTimerDevices__C                
00007fc8  ti_sysbios_family_arm_lm4_Timer_startupNeeded__C                  
00007fcc  ti_sysbios_family_arm_m3_Hwi_E_NMI__C                             
00007fd0  ti_sysbios_family_arm_m3_Hwi_E_busFault__C                        
00007fd4  ti_sysbios_family_arm_m3_Hwi_E_debugMon__C                        
00007fd8  ti_sysbios_family_arm_m3_Hwi_E_hardFault__C                       
00007fdc  ti_sysbios_family_arm_m3_Hwi_E_memFault__C                        
00007fe0  ti_sysbios_family_arm_m3_Hwi_E_noIsr__C                           
00007fe4  ti_sysbios_family_arm_m3_Hwi_E_reserved__C                        
00007fe8  ti_sysbios_family_arm_m3_Hwi_E_svCall__C                          
00007fec  ti_sysbios_family_arm_m3_Hwi_E_usageFault__C                      
00007ff0  ti_sysbios_family_arm_m3_Hwi_NUM_INTERRUPTS__C                    
00007ff4  ti_sysbios_family_arm_m3_Hwi_Object__count__C                     
00007ff8  ti_sysbios_family_arm_m3_Hwi_ccr__C                               
00007ffc  ti_sysbios_family_arm_m3_Hwi_excHandlerFunc__C                    
00008000  ti_sysbios_family_arm_m3_Hwi_excHookFuncs__C                      
00008004  ti_sysbios_family_arm_m3_Hwi_nullIsrFunc__C                       
00008008  ti_sysbios_family_arm_m3_Hwi_priGroup__C                          
0000800c  ti_sysbios_gates_GateMutex_A_badContext__C                        
00008010  ti_sysbios_gates_GateMutex_Instance_State_sem__O                  
00008014  ti_sysbios_gates_GateMutex_Module__diagsEnabled__C                
00008018  ti_sysbios_gates_GateMutex_Module__diagsIncluded__C               
0000801c  ti_sysbios_gates_GateMutex_Module__diagsMask__C                   
00008020  ti_sysbios_hal_Hwi_E_stackOverflow__C                             
00008024  ti_sysbios_heaps_HeapMem_A_align__C                               
00008028  ti_sysbios_heaps_HeapMem_A_heapSize__C                            
0000802c  ti_sysbios_heaps_HeapMem_A_invalidFree__C                         
00008030  ti_sysbios_heaps_HeapMem_A_zeroBlock__C                           
00008034  ti_sysbios_heaps_HeapMem_E_memory__C                              
00008038  ti_sysbios_heaps_HeapMem_Module__diagsEnabled__C                  
0000803c  ti_sysbios_heaps_HeapMem_Module__diagsIncluded__C                 
00008040  ti_sysbios_heaps_HeapMem_Module__diagsMask__C                     
00008044  ti_sysbios_heaps_HeapMem_Module__gateObj__C                       
00008048  ti_sysbios_heaps_HeapMem_Object__count__C                         
0000804c  ti_sysbios_heaps_HeapMem_reqAlign__C                              
00008050  ti_sysbios_knl_Clock_Module_State_clockQ__O                       
00008054  ti_sysbios_knl_Idle_funcList__A                                   
00008058  ti_sysbios_knl_Semaphore_A_badContext__C                          
0000805c  ti_sysbios_knl_Semaphore_A_noEvents__C                            
00008060  ti_sysbios_knl_Semaphore_A_overflow__C                            
00008064  ti_sysbios_knl_Semaphore_A_pendTaskDisabled__C                    
00008068  ti_sysbios_knl_Semaphore_Instance_State_pendQ__O                  
0000806c  ti_sysbios_knl_Semaphore_Module__diagsEnabled__C                  
00008070  ti_sysbios_knl_Semaphore_Module__diagsIncluded__C                 
00008074  ti_sysbios_knl_Semaphore_Module__diagsMask__C                     
00008078  ti_sysbios_knl_Swi_Object__count__C                               
0000807c  ti_sysbios_knl_Task_E_spOutOfBounds__C                            
00008080  ti_sysbios_knl_Task_E_stackOverflow__C                            
00008084  ti_sysbios_knl_Task_Module_State_inactiveQ__O                     
00008088  ti_sysbios_knl_Task_Object__count__C                              
0000808c  ti_sysbios_knl_Task_allBlockedFunc__C                             
00008090  ti_sysbios_knl_Task_numConstructedTasks__C                        
00008098  xdc_runtime_Assert_E_assertFailed__C                              
0000809c  xdc_runtime_Core_A_initializedParams__C                           
000080a0  xdc_runtime_Core_Module__diagsEnabled__C                          
000080a4  xdc_runtime_Core_Module__diagsIncluded__C                         
000080a8  xdc_runtime_Core_Module__diagsMask__C                             
000080ac  xdc_runtime_Error_E_memory__C                                     
000080b0  xdc_runtime_Error_Module__diagsEnabled__C                         
000080b4  xdc_runtime_Error_Module__diagsIncluded__C                        
000080b8  xdc_runtime_Error_Module__diagsMask__C                            
000080bc  xdc_runtime_Error_Module__loggerFxn8__C                           
000080c0  xdc_runtime_Error_Module__loggerObj__C                            
000080c4  xdc_runtime_Error_policyFxn__C                                    
000080c8  xdc_runtime_Error_raiseHook__C                                    
000080cc  xdc_runtime_IGateProvider_Interface__BASE__C                      
000080d0  xdc_runtime_IHeap_Interface__BASE__C                              
000080d4  xdc_runtime_IModule_Interface__BASE__C                            
000080d8  xdc_runtime_Log_L_error__C                                        
000080dc  xdc_runtime_Memory_defaultHeapInstance__C                         
000080e0  xdc_runtime_Startup_execImpl__C                                   
000080e4  xdc_runtime_Startup_maxPasses__C                                  
000080e8  xdc_runtime_Startup_sfxnRts__C                                    
000080ec  xdc_runtime_Startup_sfxnTab__C                                    
000080f0  xdc_runtime_SysMin_bufSize__C                                     
000080f4  xdc_runtime_SysMin_outputFunc__C                                  
000080f8  xdc_runtime_System_Module__gateObj__C                             
000080fc  xdc_runtime_System_abortFxn__C                                    
00008100  xdc_runtime_System_exitFxn__C                                     
00008104  xdc_runtime_System_extendFxn__C                                   
00008108  xdc_runtime_System_maxAtexitHandlers__C                           
0000810c  xdc_runtime_Text_charTab__C                                       
00008110  xdc_runtime_Text_nameEmpty__C                                     
00008114  xdc_runtime_Text_nameStatic__C                                    
00008118  xdc_runtime_Text_nameUnknown__C                                   
0000811c  xdc_runtime_Text_nodeTab__C                                       
00008120  xdc_runtime_Text_visitRopeFxn__C                                  
00008124  ti_sysbios_family_arm_m3_Hwi_Module__id__C                        
00008126  ti_sysbios_gates_GateMutex_Module__id__C                          
00008128  ti_sysbios_hal_Hwi_Module__id__C                                  
0000812a  ti_sysbios_heaps_HeapMem_Module__id__C                            
0000812c  ti_sysbios_knl_Semaphore_Module__id__C                            
0000812e  ti_sysbios_knl_Task_Module__id__C                                 
00008130  xdc_runtime_Core_Module__id__C                                    
00008132  xdc_runtime_Error_Module__loggerDefined__C                        
00008134  xdc_runtime_Error_maxDepth__C                                     
00008136  xdc_runtime_Memory_Module__id__C                                  
00008138  xdc_runtime_SysMin_flushAtExit__C                                 
0000813a  xdc_runtime_Text_charCnt__C                                       
0000813c  xdc_runtime_Text_isLoaded__C                                      
0000813e  xdc_runtime_Text_registryModsLastId__C                            
00008140  xdc_runtime_Text_unnamedModsLastId__C                             
00008148  __TI_static_base__                                                
00008384  __TI_Handler_Table_Base                                           
00008390  __TI_Handler_Table_Limit                                          
000083a0  __TI_CINIT_Base                                                   
000083b8  __TI_CINIT_Limit                                                  
20000000  __start___llvm_prf_cnts                                           
20000000  __stop___llvm_prf_cnts                                            
20000000  ti_sysbios_family_arm_m3_Hwi_ramVectors                           
20000360  ti_sysbios_knl_Task_Instance_State_0_stack__A                     
20000560  ti_sysbios_knl_Task_Instance_State_1_stack__A                     
20000760  ti_sysbios_heaps_HeapMem_Instance_State_0_buf__A                  
20000b60  ti_sysbios_family_arm_m3_Hwi_dispatchTable                        
20000ec0  __CIOBUF_                                                         
20000fe0  xdc_runtime_SysMin_Module_State_0_outbuf__A                       
20001060  buffer1                                                           
20001088  buffer2                                                           
200010b0  parmbuf                                                           
200010b8  ti_sysbios_knl_Task_Object__table__V                              
20001150  ti_sysbios_family_arm_m3_Hwi_Object__table__V                     
200011e0  ti_sysbios_knl_Swi_Module_State_0_readyQ__A                       
20001260  ti_sysbios_knl_Task_Module_State_0_readyQ__A                      
200012e0  ti_sysbios_knl_Swi_Object__table__V                               
20001340  ti_sysbios_knl_Task_Module__state__V                              
20001384  ti_sysbios_family_arm_lm4_Timer_Object__table__V                  
200013c4  ti_sysbios_gates_GateMutex_Object__table__V                       
200013fc  ti_sysbios_family_arm_m3_Hwi_Module__state__V                     
20001430  ti_sysbios_family_arm_lm4_Timer_Module_State_0_device__A          
20001460  s                                                                 
20001464  ms                                                                
20001468  time                                                              
2000146c  SingleBlackLine                                                   
20001470  line                                                              
20001474  collection                                                        
20001478  sample                                                            
2000147c  PrevError                                                         
20001480  active                                                            
20001484  back                                                              
20001488  bufferPtr                                                         
2000148c  ti_sysbios_knl_Clock_Module__state__V                             
200014b8  ti_sysbios_hal_Hwi_Object__table__V                               
200014e0  ti_sysbios_BIOS_Module__state__V                                  
20001504  ti_sysbios_knl_Swi_Module__state__V                               
20001520  ti_sysbios_family_arm_lm4_Timer_Module_State_0_handles__A         
20001538  ti_sysbios_heaps_HeapMem_Object__table__V                         
20001550  ti_sysbios_knl_Semaphore_Object__table__V                         
20001564  commands                                                          
20001574  ti_sysbios_family_arm_lm4_Timer_Module__state__V                  
20001580  xdc_runtime_SysMin_Module__state__V                               
2000158c  _lock                                                             
20001590  _unlock                                                           
20001594  ti_sysbios_gates_GateHwi_Module__root__V                          
2000159c  ti_sysbios_gates_GateMutex_Module__root__V                        
200015a4  ti_sysbios_heaps_HeapMem_Module__root__V                          
200015ac  ti_sysbios_knl_Queue_Module__root__V                              
200015b4  ti_sysbios_knl_Semaphore_Module__root__V                          
200015bc  xdc_runtime_Registry_Module__state__V                             
200015c4  xdc_runtime_Startup_Module__state__V                              
200015cc  xdc_runtime_System_Module_State_0_atexitHandlers__A               
200015d4  xdc_runtime_System_Module__state__V                               
200015e2  ti_sysbios_family_arm_m3_Hwi_Module_State_0_excActive__A          
200015e4  main_func_sp                                                      
200015e8  ti_sysbios_family_arm_m3_Hwi_Module_State_0_excContext__A         
200015ec  ti_sysbios_family_arm_m3_Hwi_Module_State_0_excStack__A           
200015f0  ti_sysbios_gates_GateHwi_Object__table__V                         
200015f4  ti_sysbios_knl_Task_Module_State_0_idleTask__A                    
200015f8  xdc_runtime_Memory_Module__state__V                               
200015fc  xdc_runtime_Error_Module__state__V                                
20001600  __stack                                                           
20001900  __STACK_END                                                       
e000e000  ti_sysbios_family_arm_m3_Hwi_nvic                                 
ffffffff  __TI_pprof_out_hndl                                               
ffffffff  __TI_prof_data_size                                               
ffffffff  __TI_prof_data_start                                              
ffffffff  __binit__                                                         
ffffffff  __c_args__                                                        
ffffffff  binit                                                             
UNDEFED   SHT$$INIT_ARRAY$$Base                                             
UNDEFED   SHT$$INIT_ARRAY$$Limit                                            

[597 symbols]
